------------------------------------------------------------
Timing Analyzer Summary
------------------------------------------------------------

Type  : Slow 1100mV 85C Model Setup 'fpga_clk_50'
Slack : 14.708
TNS   : 0.000

Type  : Slow 1100mV 85C Model Hold 'fpga_clk_50'
Slack : 0.379
TNS   : 0.000

Type  : Slow 1100mV 85C Model Minimum Pulse Width 'fpga_clk_50'
Slack : 9.390
TNS   : 0.000

Type  : Slow 1100mV 0C Model Setup 'fpga_clk_50'
Slack : 14.800
TNS   : 0.000

Type  : Slow 1100mV 0C Model Hold 'fpga_clk_50'
Slack : 0.376
TNS   : 0.000

Type  : Slow 1100mV 0C Model Minimum Pulse Width 'fpga_clk_50'
Slack : 9.306
TNS   : 0.000

Type  : Fast 1100mV 85C Model Setup 'fpga_clk_50'
Slack : 17.004
TNS   : 0.000

Type  : Fast 1100mV 85C Model Hold 'fpga_clk_50'
Slack : 0.184
TNS   : 0.000

Type  : Fast 1100mV 85C Model Minimum Pulse Width 'fpga_clk_50'
Slack : 9.418
TNS   : 0.000

Type  : Fast 1100mV 0C Model Setup 'fpga_clk_50'
Slack : 17.244
TNS   : 0.000

Type  : Fast 1100mV 0C Model Hold 'fpga_clk_50'
Slack : 0.175
TNS   : 0.000

Type  : Fast 1100mV 0C Model Minimum Pulse Width 'fpga_clk_50'
Slack : 9.419
TNS   : 0.000

------------------------------------------------------------
